// Jest Snapshot v1, https://goo.gl/fbAQLP

exports[`Character count by default renders boolean attributes 1`] = `
<div class="govuk-character-count"
     data-module="govuk-character-count"
>
  <div class="govuk-form-group">
    <textarea class="govuk-textarea govuk-js-character-count"
              id
              name
              rows="5"
              aria-describedby="undefined-info"
              data-attribute
    >
    </textarea>
  </div>
  <span id="-info"
        class="govuk-hint govuk-character-count__message"
        aria-live="polite"
  >
    You can enter up to  characters
  </span>
</div>
`;

exports[`Character count when it includes a hint renders with hint 1`] = `
<span id="character-count-with-hint-hint"
      class="govuk-hint"
>
  It&#x2019;s on your National Insurance card, benefit letter, payslip or P60. For example, &#x2018;QQ 12 34 56 C&#x2019;.
</span>
<span id="character-count-with-hint-info"
      class="govuk-hint govuk-character-count__message"
      aria-live="polite"
>
  You can enter up to  characters
</span>
`;

exports[`Character count when it includes an error message renders with error message 1`] = `
<span id="character-count-with-error-error"
      class="govuk-error-message"
>
  Error message
</span>
`;

exports[`Character count with dependant components renders with label 1`] = `
<label class="govuk-label"
       for="my-character-count"
>
  Full address
</label>
`;
